// Jest Snapshot v1, https://goo.gl/fbAQLP

exports[`Option renders 1`] = `
<body>
  <div>
    <div
      class="Item content Button text md as-text"
    >
      <span>
        Boom
      </span>
    </div>
  </div>
</body>
`;
