// Jest Snapshot v1, https://goo.gl/fbAQLP

exports[`Kite renders correctly 1`] = `
<body>
  <div />
  <div
    class="Kite visible"
  >
    <div
      class="icon"
    >
      <svg
        class="icon"
        fill="red"
        height="20"
        viewBox="0 0 24 24"
        width="20"
        xmlns="http://www.w3.org/2000/svg"
      >
        <path
          d="M1 21h22L12 2 1 21zm12-3h-2v-2h2v2zm0-4h-2v-4h2v4z"
        />
      </svg>
    </div>
    <div
      class="body"
    >
      <div
        class="header"
      >
        Kite Title
      </div>
      <div
        class="content"
      >
        <p>
          Kite Content Goes here!
        </p>
      </div>
    </div>
    <div
      class="dismissButton"
    >
      <button
        class="Button text lg"
        data-testid="kite-dismiss-button"
        type="button"
      >
        <div
          class="Addon md"
        >
          <svg
            fill="currentColor"
            height="20"
            style="display: block;"
            viewBox="0 0 24 24"
            width="20"
            xmlns="http://www.w3.org/2000/svg"
          >
            <path
              d="M19 6.41L17.59 5 12 10.59 6.41 5 5 6.41 10.59 12 5 17.59 6.41 19 12 13.41 17.59 19 19 17.59 13.41 12z"
            />
          </svg>
        </div>
      </button>
    </div>
  </div>
</body>
`;
